[
  {
    "id": 1,
    "nome": "bertos",
    "proprietario": "jdoe"
  }
]